output [Str("(A Warner Bros.-First National Picture) (presents)"), Str("A Clockwork Orange"), Num(1934)]
output [Str("(Set Decoration Rentals) (uncredited)"), Str("Disaster Movie"), Num(2008)]
output [Str("(co-production)"), Str("Intouchables"), Num(2011)]
output [Str("(Set Decoration Rentals) (uncredited)"), Str("Disaster Movie"), Num(2004)]
output [Str("'Doc'")]
output [Str("'Doc'")]
output [Str("& Teller")]
output [Str("2 Days in New York")]
output [Str("300: Rise of an Empire")]
output [Str("& Teller 2")]
output [Str("5.1"), Str("& Teller 2")]
output [Str("9.1"), Str("Batman: Arkham City")]
output [Str("2.1"), Str("& Teller 2")]
output [Str("11,830,420")]
output [Str("marvel-cinematic-universe"), Str("Downey Jr., Robert"), Str("Iron Man 3")]
output [Str("based-on-comic"), Str("Downey Jr., Robert"), Str("The Avengers 2")]
output [Str("marvel-cinematic-universe"), Str("Downey Jr., Robert"), Str("The Avengers 2")]
output [Str("based-on-comic"), Str("Downey Jr., Robert"), Str("2008 MTV Movie Awards")]
output [Str("marvel-cinematic-universe"), Str("Downey Jr., Robert"), Str("Iron Man 3")]
output [Str("based-on-comic"), Str("\"Steff\", Stefanie Oxmann Mcgaha"), Str("& Teller 2")]
output [Str("Antonioni, Michelangelo"), Str("Dressed to Kill")]
output [Str("De Palma, Brian"), Str("Dressed to Kill")]
output [Str("50 Cent"), Str("\"Boo\" Arnold was born Earl Arnold in Hattiesburg, Mississippi in 1966. His father gave him the nickname 'Boo' early in life and it stuck through grade school, high school, and college. He is still known as \"Boo\" to family and friends.  Raised in central Texas, Arnold played baseball at Texas Tech University where he graduated with a BA in Advertising and Marketing. While at Texas Tech he was also a member of the Texas Epsilon chapter of Phi Delta Theta fraternity. After college he worked with Young Life, an outreach to high school students, in San Antonio, Texas.  While with Young Life Arnold began taking extension courses through Fuller Theological Seminary and ultimately went full-time to Gordon-Conwell Theological Seminary in Boston, Massachusetts. At Gordon-Conwell he completed a Master's Degree in Divinity studying Theology, Philosophy, Church History, Biblical Languages (Hebrew & Greek), and Exegetical Methods. Following seminary he was involved with reconciliation efforts in the former Yugoslavia shortly after the war ended there in1995.  Arnold started acting in his early thirties in Texas. After an encouraging visit to Los Angeles where he spent time with childhood friend George Eads (of CSI Las Vegas) he decided to move to Los Angeles in 2001 to pursue acting full-time. While in Los Angeles he has studied acting with Judith Weston at Judith Weston Studio for Actors and Directors.  Arnold's acting career has been one of steady development, booking co-star and guest-star roles in nighttime television. He guest-starred opposite of Jane Seymour on the night time television drama Justice. He played the lead, Michael Hollister, in the film The Seer, written and directed by Patrick Masset (Friday Night Lights).  He was nominated Best Actor in the168 Film Festival for the role of Phil Stevens in the short-film Useless. In Useless he played a US Marshal who must choose between mercy and justice as he confronts the man who murdered his father. Arnold's performance in Useless confirmed his ability to carry lead roles, and he continues to work toward solidifying himself as a male lead in film and television.  Arnold married fellow Texan Stacy Rudd of San Antonio in 2003 and they are now raising their three children in the Los Angeles area.")]
output [Str("Chambers, Linda"), Str(".hack//Quantum")]
output [Str("Chambers, Linda"), Str("Dragon Ball Z: Shin Budokai")]
output [Str("\"A.J.\""), Str("#1 Cheerleader Camp")]
output [Str("\"Jenny from the Block\""), Str("#1 Cheerleader Camp")]
output [Str("AJ"), Str("Airport Announcer"), Str("Blue Harvest")]
output [Str("AJ"), Str("Airport Announcer"), Str("Bassett, Angela"), Str("Blue Harvest")]
output [Str("'Annette'"), Str("2nd Balladeer"), Str("Alborg, Ana Esther"), Str("(1975-01-20)")]
output [Str("!!!, Toy"), Str("\"Cockamamie's\" Salesgirl"), Str("Aaron, Caroline"), Str("$15,000.00 Error")]
output [Str("Actor"), Str("12 Rounds")]
output [Str("Himself"), Str("Evil Eyes: Behind the Scenes")]
output [Str("Churchill Films"), Str("followed by"), Str("Batman Beyond")]
output [Str("Filmlance International AB"), Str("follows"), Str("The Money Man")]
output [Str("20th Century Fox Home Entertainment"), Str("(1997-2002) (worldwide) (all media)"), Str("24")]
output [Str("13th Street"), Str("(1954) (UK) (TV)"), Str("...denn sie wissen nicht, was sie tun")]
output [Str("10th Grade Reunion Films"), Str("8.1"), Str("3:20")]
output [Str("$10,000"), Str("Birdemic: Shock and Terror")]
output [Str("\"Oh That Gus!\""), Str("7.1"), Str("$1.11")]
output [Str("Afghanistan:24 June 2012"), Str("1.0"), Str("&Me")]
output [Str("501audio"), Str("1.8"), Str("5 Time Champion")]
output [Str("DL Sites"), Str("1.8"), Str("Champion")]
output [Str("\"O\" Films"), Str("1.0"), Str("#54 Meets #47")]
output [Str("1.0"), Str("$lowdown")]
output [Str("6.4"), Str("Of Dolls and Murder")]
output [Str("1.0"), Str("$lowdown")]
output [Str("USA:1 June 2007"), Str("Battlestar Galactica: The Resistance")]
output [Str("USA:27 April 2007"), Str("RoboCop vs Terminator")]
output [Str("USA:1 April 2003"), Str("24: Day Six - Debrief")]
output [Str("(Not So) Instant Photo"), Str("06/05")]
output [Str("Adams, Stan"), Str("Carol Burnett vs. Anthony Perkins")]
output [Str("!!!, Toy"), Str("& Teller")]
output [Str("\"Brooklyn\" Tony Danza"), Str("(#1.5)")]
output [Str("\"Brooklyn\" Tony Danza"), Str("(#1.5)")]
output [Str("B, Khaz")]
output [Str("Z'Dar, Robert")]
output [Str("X'Volaitis, John")]
output [Str("Abrahamsson, Bertil")]
output [Str("$hort, Too")]
output [Str("'El Galgo PornoStar', Blanquito")]
output [Str("$1,000"), Str("10"), Str("40 Days and 40 Nights")]
output [Str("Horror"), Str("8.1"), Str("Agorable")]
output [Str("Action"), Str("10"), Str("#PostModem")]
output [Str("Angeline, Moriah"), Str("Blue Harvest")]
output [Str("Jolie, Angelina"), Str("Kung Fu Panda")]
output [Str("Alborg, Ana Esther"), Str(".hack//Akusei heni vol. 2")]
output [Str("Aaron, Caroline"), Str("$9.99")]
output [Str("Disaster Movie")]
output [Str("Iron Man")]
output [Str("Abell, Alistair"), Str("...And Then I...")]
output [Str("Det Danske Filminstitut"), Str("followed by"), Str("Der Serienkiller - Klinge des Todes")]
output [Str("Filmlance International AB"), Str("followed by"), Str("Hämndens pris")]
output [Str("Churchill Films"), Str("followed by"), Str("Batman Beyond")]
output [Str("01 Distribution"), Str("2.1"), Str("12 Rounds")]
output [Str("Boll Kino Beteiligungs GmbH & Co. KG"), Str("3.0"), Str("A Small Act")]
output [Str("01 Distribution"), Str("1.9"), Str("(#1.1)")]
output [Str("01 Distribution"), Str("1.6"), Str("(#1.1)")]
output [Str("movie"), Str("The Analysts")]
output [Str("movie"), Str("The Big Mope")]
output [Str("movie"), Str("Dirt Merchant")]
output [Str("Additional Voices"), Str("Baker, Andrea"), Str("Baiohazâdo 6")]
output [Str("Tigress"), Str("Jolie, Angelina"), Str("Kung Fu Panda 2")]
output [Str("Horror"), Str("10"), Str("Abdallah, Damon"), Str("-- And Now the Screaming Starts!")]
output [Str("Horror"), Str("138"), Str("Campbell, Jeremiah"), Str("Vampire Boys")]
output [Str("Action"), Str("10"), Str("Aakeson, Kim Fupz"), Str("$")]
output [Str("'Agua' Man"), Str("7.1"), Str("Acereda, Hermie"), Str("3:10 to Yuma")]
output [Str("Bank Manager"), Str("8.2"), Str("Inception")]
output [Str("'Agua' Man"), Str("1.9"), Str("12 Rounds")]
output [Str("Det Danske Filminstitut"), Str("followed by"), Str("Spår i mörker")]
output [Str("Filmlance International AB"), Str("followed by"), Str("Vita nätter")]
output [Str("Det Danske Filminstitut"), Str("followed by"), Str("Spår i mörker")]
output [Str("01 Distribuzione"), Str("2.9"), Str("(#1.1)")]
output [Str("20th Century Fox"), Str("6.6"), Str("(#1.1)")]
output [Str("01 Distribuzione"), Str("1.9"), Str("(#1.1)")]
output [Str("Queen"), Str("Andrews, Julie"), Str("Shrek 2")]
output [Str("Queen"), Str("Andrews, Julie"), Str("Shrek 2")]
output [Str("Lola"), Str("Andrews, Julie"), Str("Hoodwinked!")]
output [Str("Horror"), Str("100356"), Str("Abrams, J.J."), Str("16 Blocks")]
output [Str("Horror"), Str("194782"), Str("Shannon, Damian"), Str("Freddy vs. Jason")]
output [Str("Action"), Str("100356"), Str("Abernathy, Lewis"), Str("$")]
output [Str("Horror"), Str("1040"), Str("Agnew, Jim"), Str("2001 Maniacs")]
output [Str("Horror"), Str("129755"), Str("Bousman, Darren Lynn"), Str("Saw")]
output [Str("Action"), Str("1008"), Str("Abraham, Brad"), Str("11:14")]
output [Str("alternate language version of"), Str("12 oz. Mouse"), Str("'Angel': Season 2 Overview")]
output [Str("495 Productions"), Str("495 Productions"), Str("3.3"), Str("2.7"), Str("A Double Shot at Love"), Str("A Shot at Love with Tila Tequila")]
output [Str("MTV Netherlands"), Str("495 Productions"), Str("3.3"), Str("2.7"), Str("A Double Shot at Love"), Str("A Shot at Love with Tila Tequila")]
output [Str("2BE"), Str("495 Productions"), Str("1.3"), Str("1.0"), Str("A Double Shot at Love"), Str("A Double Shot at Love")]
